Archive member included to satisfy reference by file (symbol)

c:/ac6/systemworkbench/plugins/fr.ac6.mcu.externaltools.arm-none.win32_1.17.0.201812190825/tools/compiler/bin/../lib/gcc/arm-none-eabi/7.3.1/thumb/v7e-m/fpv4-sp/hard\libgcc.a(_arm_addsubdf3.o)
                              Core/Src/main.o (__aeabi_dadd)
c:/ac6/systemworkbench/plugins/fr.ac6.mcu.externaltools.arm-none.win32_1.17.0.201812190825/tools/compiler/bin/../lib/gcc/arm-none-eabi/7.3.1/thumb/v7e-m/fpv4-sp/hard\libgcc.a(_arm_muldivdf3.o)
                              Core/Src/main.o (__aeabi_ddiv)
c:/ac6/systemworkbench/plugins/fr.ac6.mcu.externaltools.arm-none.win32_1.17.0.201812190825/tools/compiler/bin/../lib/gcc/arm-none-eabi/7.3.1/thumb/v7e-m/fpv4-sp/hard\libgcc.a(_arm_truncdfsf2.o)
                              Core/Src/main.o (__aeabi_d2f)
c:/ac6/systemworkbench/plugins/fr.ac6.mcu.externaltools.arm-none.win32_1.17.0.201812190825/tools/compiler/bin/../lib/gcc/arm-none-eabi/7.3.1/thumb/v7e-m/fpv4-sp/hard\libgcc.a(_aeabi_uldivmod.o)
                              Drivers/STM32F4xx_HAL_Driver/Src/stm32f4xx_hal_rcc.o (__aeabi_uldivmod)
c:/ac6/systemworkbench/plugins/fr.ac6.mcu.externaltools.arm-none.win32_1.17.0.201812190825/tools/compiler/bin/../lib/gcc/arm-none-eabi/7.3.1/thumb/v7e-m/fpv4-sp/hard\libgcc.a(_udivmoddi4.o)
                              c:/ac6/systemworkbench/plugins/fr.ac6.mcu.externaltools.arm-none.win32_1.17.0.201812190825/tools/compiler/bin/../lib/gcc/arm-none-eabi/7.3.1/thumb/v7e-m/fpv4-sp/hard\libgcc.a(_aeabi_uldivmod.o) (__udivmoddi4)
c:/ac6/systemworkbench/plugins/fr.ac6.mcu.externaltools.arm-none.win32_1.17.0.201812190825/tools/compiler/bin/../lib/gcc/arm-none-eabi/7.3.1/thumb/v7e-m/fpv4-sp/hard\libgcc.a(_dvmd_tls.o)
                              c:/ac6/systemworkbench/plugins/fr.ac6.mcu.externaltools.arm-none.win32_1.17.0.201812190825/tools/compiler/bin/../lib/gcc/arm-none-eabi/7.3.1/thumb/v7e-m/fpv4-sp/hard\libgcc.a(_aeabi_uldivmod.o) (__aeabi_ldiv0)
c:/ac6/systemworkbench/plugins/fr.ac6.mcu.externaltools.arm-none.win32_1.17.0.201812190825/tools/compiler/bin/../lib/gcc/arm-none-eabi/7.3.1/../../../../arm-none-eabi/lib/thumb/v7e-m/fpv4-sp/hard\libc_nano.a(lib_a-errno.o)
                              Core/Src/syscalls.o (__errno)
c:/ac6/systemworkbench/plugins/fr.ac6.mcu.externaltools.arm-none.win32_1.17.0.201812190825/tools/compiler/bin/../lib/gcc/arm-none-eabi/7.3.1/../../../../arm-none-eabi/lib/thumb/v7e-m/fpv4-sp/hard\libc_nano.a(lib_a-exit.o)
                              c:/ac6/systemworkbench/plugins/fr.ac6.mcu.externaltools.arm-none.win32_1.17.0.201812190825/tools/compiler/bin/../lib/gcc/arm-none-eabi/7.3.1/../../../../arm-none-eabi/lib/thumb/v7e-m/fpv4-sp/hard/crt0.o (exit)
c:/ac6/systemworkbench/plugins/fr.ac6.mcu.externaltools.arm-none.win32_1.17.0.201812190825/tools/compiler/bin/../lib/gcc/arm-none-eabi/7.3.1/../../../../arm-none-eabi/lib/thumb/v7e-m/fpv4-sp/hard\libc_nano.a(lib_a-impure.o)
                              c:/ac6/systemworkbench/plugins/fr.ac6.mcu.externaltools.arm-none.win32_1.17.0.201812190825/tools/compiler/bin/../lib/gcc/arm-none-eabi/7.3.1/../../../../arm-none-eabi/lib/thumb/v7e-m/fpv4-sp/hard\libc_nano.a(lib_a-exit.o) (_global_impure_ptr)
c:/ac6/systemworkbench/plugins/fr.ac6.mcu.externaltools.arm-none.win32_1.17.0.201812190825/tools/compiler/bin/../lib/gcc/arm-none-eabi/7.3.1/../../../../arm-none-eabi/lib/thumb/v7e-m/fpv4-sp/hard\libc_nano.a(lib_a-init.o)
                              c:/ac6/systemworkbench/plugins/fr.ac6.mcu.externaltools.arm-none.win32_1.17.0.201812190825/tools/compiler/bin/../lib/gcc/arm-none-eabi/7.3.1/../../../../arm-none-eabi/lib/thumb/v7e-m/fpv4-sp/hard/crt0.o (__libc_init_array)
c:/ac6/systemworkbench/plugins/fr.ac6.mcu.externaltools.arm-none.win32_1.17.0.201812190825/tools/compiler/bin/../lib/gcc/arm-none-eabi/7.3.1/../../../../arm-none-eabi/lib/thumb/v7e-m/fpv4-sp/hard\libc_nano.a(lib_a-memset.o)
                              c:/ac6/systemworkbench/plugins/fr.ac6.mcu.externaltools.arm-none.win32_1.17.0.201812190825/tools/compiler/bin/../lib/gcc/arm-none-eabi/7.3.1/../../../../arm-none-eabi/lib/thumb/v7e-m/fpv4-sp/hard/crt0.o (memset)

Allocating common symbols
Common symbol       size              file

uwTick              0x4               Drivers/STM32F4xx_HAL_Driver/Src/stm32f4xx_hal.o
pFlash              0x20              Drivers/STM32F4xx_HAL_Driver/Src/stm32f4xx_hal_flash.o
htim3               0x48              Core/Src/main.o
htim1               0x48              Core/Src/main.o
htim2               0x48              Core/Src/main.o

Discarded input sections

 .text          0x00000000        0x0 c:/ac6/systemworkbench/plugins/fr.ac6.mcu.externaltools.arm-none.win32_1.17.0.201812190825/tools/compiler/bin/../lib/gcc/arm-none-eabi/7.3.1/thumb/v7e-m/fpv4-sp/hard/crti.o
[...]
Memory Configuration

Name             Origin             Length             Attributes
RAM              0x20000000         0x00020000         xrw
FLASH            0x08000000         0x00040000         xr
*default*        0x00000000         0xffffffff

Linker script and memory map

LOAD c:/ac6/systemworkbench/plugins/fr.ac6.mcu.externaltools.arm-none.win32_1.17.0.201812190825/tools/compiler/bin/../lib/gcc/arm-none-eabi/7.3.1/thumb/v7e-m/fpv4-sp/hard/crti.o
LOAD c:/ac6/systemworkbench/plugins/fr.ac6.mcu.externaltools.arm-none.win32_1.17.0.201812190825/tools/compiler/bin/../lib/gcc/arm-none-eabi/7.3.1/thumb/v7e-m/fpv4-sp/hard/crtbegin.o
LOAD c:/ac6/systemworkbench/plugins/fr.ac6.mcu.externaltools.arm-none.win32_1.17.0.201812190825/tools/compiler/bin/../lib/gcc/arm-none-eabi/7.3.1/../../../../arm-none-eabi/lib/thumb/v7e-m/fpv4-sp/hard/crt0.o
LOAD Core/Src/main.o
LOAD Core/Src/stm32f4xx_hal_msp.o
LOAD Core/Src/stm32f4xx_it.o
LOAD Core/Src/syscalls.o
LOAD Core/Src/system_stm32f4xx.o
LOAD Drivers/STM32F4xx_HAL_Driver/Src/stm32f4xx_hal.o
LOAD Drivers/STM32F4xx_HAL_Driver/Src/stm32f4xx_hal_cortex.o
LOAD Drivers/STM32F4xx_HAL_Driver/Src/stm32f4xx_hal_dma.o
LOAD Drivers/STM32F4xx_HAL_Driver/Src/stm32f4xx_hal_dma_ex.o
LOAD Drivers/STM32F4xx_HAL_Driver/Src/stm32f4xx_hal_exti.o
LOAD Drivers/STM32F4xx_HAL_Driver/Src/stm32f4xx_hal_flash.o
LOAD Drivers/STM32F4xx_HAL_Driver/Src/stm32f4xx_hal_flash_ex.o
LOAD Drivers/STM32F4xx_HAL_Driver/Src/stm32f4xx_hal_flash_ramfunc.o
LOAD Drivers/STM32F4xx_HAL_Driver/Src/stm32f4xx_hal_gpio.o
LOAD Drivers/STM32F4xx_HAL_Driver/Src/stm32f4xx_hal_pwr.o
LOAD Drivers/STM32F4xx_HAL_Driver/Src/stm32f4xx_hal_pwr_ex.o
LOAD Drivers/STM32F4xx_HAL_Driver/Src/stm32f4xx_hal_rcc.o
LOAD Drivers/STM32F4xx_HAL_Driver/Src/stm32f4xx_hal_rcc_ex.o
LOAD Drivers/STM32F4xx_HAL_Driver/Src/stm32f4xx_hal_tim.o
LOAD Drivers/STM32F4xx_HAL_Driver/Src/stm32f4xx_hal_tim_ex.o
LOAD startup/startup_stm32f411xe.o
LOAD c:/ac6/systemworkbench/plugins/fr.ac6.mcu.externaltools.arm-none.win32_1.17.0.201812190825/tools/compiler/bin/../lib/gcc/arm-none-eabi/7.3.1/../../../../arm-none-eabi/lib/thumb/v7e-m/fpv4-sp/hard\libm.a
START GROUP
LOAD c:/ac6/systemworkbench/plugins/fr.ac6.mcu.externaltools.arm-none.win32_1.17.0.201812190825/tools/compiler/bin/../lib/gcc/arm-none-eabi/7.3.1/thumb/v7e-m/fpv4-sp/hard\libgcc.a
LOAD c:/ac6/systemworkbench/plugins/fr.ac6.mcu.externaltools.arm-none.win32_1.17.0.201812190825/tools/compiler/bin/../lib/gcc/arm-none-eabi/7.3.1/../../../../arm-none-eabi/lib/thumb/v7e-m/fpv4-sp/hard\libc_nano.a
END GROUP
START GROUP
LOAD c:/ac6/systemworkbench/plugins/fr.ac6.mcu.externaltools.arm-none.win32_1.17.0.201812190825/tools/compiler/bin/../lib/gcc/arm-none-eabi/7.3.1/thumb/v7e-m/fpv4-sp/hard\libgcc.a
LOAD c:/ac6/systemworkbench/plugins/fr.ac6.mcu.externaltools.arm-none.win32_1.17.0.201812190825/tools/compiler/bin/../lib/gcc/arm-none-eabi/7.3.1/../../../../arm-none-eabi/lib/thumb/v7e-m/fpv4-sp/hard\libc_nano.a
LOAD c:/ac6/systemworkbench/plugins/fr.ac6.mcu.externaltools.arm-none.win32_1.17.0.201812190825/tools/compiler/bin/../lib/gcc/arm-none-eabi/7.3.1/../../../../arm-none-eabi/lib/thumb/v7e-m/fpv4-sp/hard\libnosys.a
END GROUP
START GROUP
LOAD c:/ac6/systemworkbench/plugins/fr.ac6.mcu.externaltools.arm-none.win32_1.17.0.201812190825/tools/compiler/bin/../lib/gcc/arm-none-eabi/7.3.1/thumb/v7e-m/fpv4-sp/hard\libgcc.a
LOAD c:/ac6/systemworkbench/plugins/fr.ac6.mcu.externaltools.arm-none.win32_1.17.0.201812190825/tools/compiler/bin/../lib/gcc/arm-none-eabi/7.3.1/../../../../arm-none-eabi/lib/thumb/v7e-m/fpv4-sp/hard\libc_nano.a
LOAD c:/ac6/systemworkbench/plugins/fr.ac6.mcu.externaltools.arm-none.win32_1.17.0.201812190825/tools/compiler/bin/../lib/gcc/arm-none-eabi/7.3.1/../../../../arm-none-eabi/lib/thumb/v7e-m/fpv4-sp/hard\libnosys.a
END GROUP
LOAD c:/ac6/systemworkbench/plugins/fr.ac6.mcu.externaltools.arm-none.win32_1.17.0.201812190825/tools/compiler/bin/../lib/gcc/arm-none-eabi/7.3.1/thumb/v7e-m/fpv4-sp/hard/crtend.o
LOAD c:/ac6/systemworkbench/plugins/fr.ac6.mcu.externaltools.arm-none.win32_1.17.0.201812190825/tools/compiler/bin/../lib/gcc/arm-none-eabi/7.3.1/thumb/v7e-m/fpv4-sp/hard/crtn.o
                0x20020000                _estack = 0x20020000
                0x00000200                _Min_Heap_Size = 0x200
                0x00000400                _Min_Stack_Size = 0x400

.isr_vector     0x08000000      0x198
                0x08000000                . = ALIGN (0x4)
 *(.isr_vector)
 .isr_vector    0x08000000      0x198 startup/startup_stm32f411xe.o
                0x08000000                g_pfnVectors
                0x08000198                . = ALIGN (0x4)

.text           0x08000198     0x25bc
                0x08000198                . = ALIGN (0x4)
 *(.text)
 .text          0x08000198       0x40 c:/ac6/systemworkbench/plugins/fr.ac6.mcu.externaltools.arm-none.win32_1.17.0.201812190825/tools/compiler/bin/../lib/gcc/arm-none-eabi/7.3.1/thumb/v7e-m/fpv4-sp/hard/crtbegin.o
 .text          0x080001d8      0x378 c:/ac6/systemworkbench/plugins/fr.ac6.mcu.externaltools.arm-none.win32_1.17.0.201812190825/tools/compiler/bin/../lib/gcc/arm-none-eabi/7.3.1/thumb/v7e-m/fpv4-sp/hard\libgcc.a(_arm_addsubdf3.o)
                0x080001d8                __aeabi_drsub
                0x080001e0                __aeabi_dsub
                0x080001e0                __subdf3
                0x080001e4                __aeabi_dadd
                0x080001e4                __adddf3
                0x0800045c                __floatunsidf
                0x0800045c                __aeabi_ui2d
                0x0800047c                __floatsidf
                0x0800047c                __aeabi_i2d
                0x080004a0                __aeabi_f2d
                0x080004a0                __extendsfdf2
                0x080004e4                __floatundidf
                0x080004e4                __aeabi_ul2d
                0x080004f4                __floatdidf
                0x080004f4                __aeabi_l2d
 .text          0x08000550      0x424 c:/ac6/systemworkbench/plugins/fr.ac6.mcu.externaltools.arm-none.win32_1.17.0.201812190825/tools/compiler/bin/../lib/gcc/arm-none-eabi/7.3.1/thumb/v7e-m/fpv4-sp/hard\libgcc.a(_arm_muldivdf3.o)
                0x08000550                __aeabi_dmul
                0x08000550                __muldf3
                0x080007a4                __divdf3
                0x080007a4                __aeabi_ddiv
 .text          0x08000974       0xa0 c:/ac6/systemworkbench/plugins/fr.ac6.mcu.externaltools.arm-none.win32_1.17.0.201812190825/tools/compiler/bin/../lib/gcc/arm-none-eabi/7.3.1/thumb/v7e-m/fpv4-sp/hard\libgcc.a(_arm_truncdfsf2.o)
                0x08000974                __truncdfsf2
                0x08000974                __aeabi_d2f
 .text          0x08000a14       0x30 c:/ac6/systemworkbench/plugins/fr.ac6.mcu.externaltools.arm-none.win32_1.17.0.201812190825/tools/compiler/bin/../lib/gcc/arm-none-eabi/7.3.1/thumb/v7e-m/fpv4-sp/hard\libgcc.a(_aeabi_uldivmod.o)
                0x08000a14                __aeabi_uldivmod
 .text          0x08000a44      0x2cc c:/ac6/systemworkbench/plugins/fr.ac6.mcu.externaltools.arm-none.win32_1.17.0.201812190825/tools/compiler/bin/../lib/gcc/arm-none-eabi/7.3.1/thumb/v7e-m/fpv4-sp/hard\libgcc.a(_udivmoddi4.o)
                0x08000a44                __udivmoddi4
 .text          0x08000d10        0x4 c:/ac6/systemworkbench/plugins/fr.ac6.mcu.externaltools.arm-none.win32_1.17.0.201812190825/tools/compiler/bin/../lib/gcc/arm-none-eabi/7.3.1/thumb/v7e-m/fpv4-sp/hard\libgcc.a(_dvmd_tls.o)
                0x08000d10                __aeabi_idiv0
                0x08000d10                __aeabi_ldiv0
 *(.text*)
 .text.MX_GPIO_Init
                0x08000d14       0x80 Core/Src/main.o
 .text.Error_Handler
                0x08000d94        0x4 Core/Src/main.o
                0x08000d94                Error_Handler
 .text.MX_TIM1_Init
                0x08000d98       0xac Core/Src/main.o
 .text.MX_TIM3_Init
                0x08000e44       0x60 Core/Src/main.o
 .text.MX_TIM2_Init
                0x08000ea4       0x6c Core/Src/main.o
 .text.SystemClock_Config
                0x08000f10       0xa0 Core/Src/main.o
                0x08000f10                SystemClock_Config
 .text.main     0x08000fb0      0x198 Core/Src/main.o
                0x08000fb0                main
 .text.HAL_MspInit
                0x08001148       0x38 Core/Src/stm32f4xx_hal_msp.o
                0x08001148                HAL_MspInit
 .text.HAL_TIM_PWM_MspInit
                0x08001180       0x30 Core/Src/stm32f4xx_hal_msp.o
                0x08001180                HAL_TIM_PWM_MspInit
 .text.HAL_TIM_Base_MspInit
                0x080011b0       0x3c Core/Src/stm32f4xx_hal_msp.o
                0x080011b0                HAL_TIM_Base_MspInit
 .text.HAL_TIM_Encoder_MspInit
                0x080011ec       0x70 Core/Src/stm32f4xx_hal_msp.o
                0x080011ec                HAL_TIM_Encoder_MspInit
 .text.HAL_TIM_MspPostInit
                0x0800125c       0x60 Core/Src/stm32f4xx_hal_msp.o
                0x0800125c                HAL_TIM_MspPostInit
 .text.NMI_Handler
                0x080012bc        0x2 Core/Src/stm32f4xx_it.o
                0x080012bc                NMI_Handler
 .text.HardFault_Handler
                0x080012be        0x2 Core/Src/stm32f4xx_it.o
                0x080012be                HardFault_Handler
 .text.MemManage_Handler
                0x080012c0        0x2 Core/Src/stm32f4xx_it.o
                0x080012c0                MemManage_Handler
 .text.BusFault_Handler
                0x080012c2        0x2 Core/Src/stm32f4xx_it.o
                0x080012c2                BusFault_Handler
 .text.UsageFault_Handler
                0x080012c4        0x2 Core/Src/stm32f4xx_it.o
                0x080012c4                UsageFault_Handler
 .text.SVC_Handler
                0x080012c6        0x2 Core/Src/stm32f4xx_it.o
                0x080012c6                SVC_Handler
 .text.DebugMon_Handler
                0x080012c8        0x2 Core/Src/stm32f4xx_it.o
                0x080012c8                DebugMon_Handler
 .text.PendSV_Handler
                0x080012ca        0x2 Core/Src/stm32f4xx_it.o
                0x080012ca                PendSV_Handler
 .text.SysTick_Handler
                0x080012cc        0x8 Core/Src/stm32f4xx_it.o
                0x080012cc                SysTick_Handler
 .text.TIM2_IRQHandler
                0x080012d4       0x18 Core/Src/stm32f4xx_it.o
                0x080012d4                TIM2_IRQHandler
 .text.SystemInit
                0x080012ec       0x14 Core/Src/system_stm32f4xx.o
                0x080012ec                SystemInit
 .text.HAL_InitTick
                0x08001300       0x48 Drivers/STM32F4xx_HAL_Driver/Src/stm32f4xx_hal.o
                0x08001300                HAL_InitTick
 .text.HAL_Init
                0x08001348       0x34 Drivers/STM32F4xx_HAL_Driver/Src/stm32f4xx_hal.o
                0x08001348                HAL_Init
 .text.HAL_IncTick
                0x0800137c       0x18 Drivers/STM32F4xx_HAL_Driver/Src/stm32f4xx_hal.o
                0x0800137c                HAL_IncTick
 .text.HAL_GetTick
                0x08001394        0xc Drivers/STM32F4xx_HAL_Driver/Src/stm32f4xx_hal.o
                0x08001394                HAL_GetTick
 .text.HAL_NVIC_SetPriorityGrouping
                0x080013a0       0x24 Drivers/STM32F4xx_HAL_Driver/Src/stm32f4xx_hal_cortex.o
                0x080013a0                HAL_NVIC_SetPriorityGrouping
 .text.HAL_NVIC_SetPriority
                0x080013c4       0x68 Drivers/STM32F4xx_HAL_Driver/Src/stm32f4xx_hal_cortex.o
                0x080013c4                HAL_NVIC_SetPriority
 .text.HAL_NVIC_EnableIRQ
                0x0800142c       0x1c Drivers/STM32F4xx_HAL_Driver/Src/stm32f4xx_hal_cortex.o
                0x0800142c                HAL_NVIC_EnableIRQ
 .text.HAL_SYSTICK_Config
                0x08001448       0x2c Drivers/STM32F4xx_HAL_Driver/Src/stm32f4xx_hal_cortex.o
                0x08001448                HAL_SYSTICK_Config
 .text.HAL_GPIO_Init
                0x08001474      0x1b0 Drivers/STM32F4xx_HAL_Driver/Src/stm32f4xx_hal_gpio.o
                0x08001474                HAL_GPIO_Init
 .text.HAL_GPIO_WritePin
                0x08001624        0xc Drivers/STM32F4xx_HAL_Driver/Src/stm32f4xx_hal_gpio.o
                0x08001624                HAL_GPIO_WritePin
 .text.HAL_RCC_OscConfig
                0x08001630      0x3f8 Drivers/STM32F4xx_HAL_Driver/Src/stm32f4xx_hal_rcc.o
                0x08001630                HAL_RCC_OscConfig
 .text.HAL_RCC_GetSysClockFreq
                0x08001a28       0xcc Drivers/STM32F4xx_HAL_Driver/Src/stm32f4xx_hal_rcc.o
                0x08001a28                HAL_RCC_GetSysClockFreq
 .text.HAL_RCC_ClockConfig
                0x08001af4      0x160 Drivers/STM32F4xx_HAL_Driver/Src/stm32f4xx_hal_rcc.o
                0x08001af4                HAL_RCC_ClockConfig
 .text.TIM_OC1_SetConfig
                0x08001c54       0x5c Drivers/STM32F4xx_HAL_Driver/Src/stm32f4xx_hal_tim.o
 .text.TIM_OC3_SetConfig
                0x08001cb0       0x64 Drivers/STM32F4xx_HAL_Driver/Src/stm32f4xx_hal_tim.o
 .text.TIM_OC4_SetConfig
                0x08001d14       0x48 Drivers/STM32F4xx_HAL_Driver/Src/stm32f4xx_hal_tim.o
 .text.TIM_TI1_ConfigInputStage
                0x08001d5c       0x26 Drivers/STM32F4xx_HAL_Driver/Src/stm32f4xx_hal_tim.o
 .text.TIM_TI2_ConfigInputStage
                0x08001d82       0x28 Drivers/STM32F4xx_HAL_Driver/Src/stm32f4xx_hal_tim.o
 .text.TIM_ITRx_SetConfig
                0x08001daa       0x10 Drivers/STM32F4xx_HAL_Driver/Src/stm32f4xx_hal_tim.o
 *fill*         0x08001dba        0x2 
 .text.HAL_TIM_Base_Start_IT
                0x08001dbc       0x78 Drivers/STM32F4xx_HAL_Driver/Src/stm32f4xx_hal_tim.o
                0x08001dbc                HAL_TIM_Base_Start_IT
 .text.HAL_TIM_PeriodElapsedCallback
                0x08001e34        0x2 Drivers/STM32F4xx_HAL_Driver/Src/stm32f4xx_hal_tim.o
                0x08001e34                HAL_TIM_PeriodElapsedCallback
 .text.HAL_TIM_OC_DelayElapsedCallback
                0x08001e36        0x2 Drivers/STM32F4xx_HAL_Driver/Src/stm32f4xx_hal_tim.o
                0x08001e36                HAL_TIM_OC_DelayElapsedCallback
 .text.HAL_TIM_IC_CaptureCallback
                0x08001e38        0x2 Drivers/STM32F4xx_HAL_Driver/Src/stm32f4xx_hal_tim.o
                0x08001e38                HAL_TIM_IC_CaptureCallback
 .text.HAL_TIM_PWM_PulseFinishedCallback
                0x08001e3a        0x2 Drivers/STM32F4xx_HAL_Driver/Src/stm32f4xx_hal_tim.o
                0x08001e3a                HAL_TIM_PWM_PulseFinishedCallback
 .text.HAL_TIM_TriggerCallback
                0x08001e3c        0x2 Drivers/STM32F4xx_HAL_Driver/Src/stm32f4xx_hal_tim.o
                0x08001e3c                HAL_TIM_TriggerCallback
 .text.HAL_TIM_IRQHandler
                0x08001e3e      0x17a Drivers/STM32F4xx_HAL_Driver/Src/stm32f4xx_hal_tim.o
                0x08001e3e                HAL_TIM_IRQHandler
 .text.TIM_Base_SetConfig
                0x08001fb8       0x9c Drivers/STM32F4xx_HAL_Driver/Src/stm32f4xx_hal_tim.o
                0x08001fb8                TIM_Base_SetConfig
 .text.HAL_TIM_Base_Init
                0x08002054       0x56 Drivers/STM32F4xx_HAL_Driver/Src/stm32f4xx_hal_tim.o
                0x08002054                HAL_TIM_Base_Init
 .text.HAL_TIM_PWM_Init
                0x080020aa       0x56 Drivers/STM32F4xx_HAL_Driver/Src/stm32f4xx_hal_tim.o
                0x080020aa                HAL_TIM_PWM_Init
 .text.HAL_TIM_Encoder_Init
                0x08002100       0xb0 Drivers/STM32F4xx_HAL_Driver/Src/stm32f4xx_hal_tim.o
                0x08002100                HAL_TIM_Encoder_Init
 .text.TIM_OC2_SetConfig
                0x080021b0       0x64 Drivers/STM32F4xx_HAL_Driver/Src/stm32f4xx_hal_tim.o
                0x080021b0                TIM_OC2_SetConfig
 .text.HAL_TIM_PWM_ConfigChannel
                0x08002214       0xd0 Drivers/STM32F4xx_HAL_Driver/Src/stm32f4xx_hal_tim.o
                0x08002214                HAL_TIM_PWM_ConfigChannel
 .text.TIM_ETR_SetConfig
                0x080022e4       0x18 Drivers/STM32F4xx_HAL_Driver/Src/stm32f4xx_hal_tim.o
                0x080022e4                TIM_ETR_SetConfig
 .text.HAL_TIM_ConfigClockSource
                0x080022fc       0xda Drivers/STM32F4xx_HAL_Driver/Src/stm32f4xx_hal_tim.o
                0x080022fc                HAL_TIM_ConfigClockSource
 .text.TIM_CCxChannelCmd
                0x080023d6       0x22 Drivers/STM32F4xx_HAL_Driver/Src/stm32f4xx_hal_tim.o
                0x080023d6                TIM_CCxChannelCmd
 .text.HAL_TIM_PWM_Start
                0x080023f8       0xf8 Drivers/STM32F4xx_HAL_Driver/Src/stm32f4xx_hal_tim.o
                0x080023f8                HAL_TIM_PWM_Start
 .text.HAL_TIM_Encoder_Start
                0x080024f0       0xce Drivers/STM32F4xx_HAL_Driver/Src/stm32f4xx_hal_tim.o
                0x080024f0                HAL_TIM_Encoder_Start
 *fill*         0x080025be        0x2 
 .text.HAL_TIMEx_MasterConfigSynchronization
                0x080025c0       0x78 Drivers/STM32F4xx_HAL_Driver/Src/stm32f4xx_hal_tim_ex.o
                0x080025c0                HAL_TIMEx_MasterConfigSynchronization
 .text.HAL_TIMEx_ConfigBreakDeadTime
                0x08002638       0x52 Drivers/STM32F4xx_HAL_Driver/Src/stm32f4xx_hal_tim_ex.o
                0x08002638                HAL_TIMEx_ConfigBreakDeadTime
 .text.HAL_TIMEx_CommutCallback
                0x0800268a        0x2 Drivers/STM32F4xx_HAL_Driver/Src/stm32f4xx_hal_tim_ex.o
                0x0800268a                HAL_TIMEx_CommutCallback
 .text.HAL_TIMEx_BreakCallback
                0x0800268c        0x2 Drivers/STM32F4xx_HAL_Driver/Src/stm32f4xx_hal_tim_ex.o
                0x0800268c                HAL_TIMEx_BreakCallback
 *fill*         0x0800268e        0x2 
 .text.Reset_Handler
                0x08002690       0x50 startup/startup_stm32f411xe.o
                0x08002690                Reset_Handler
 .text.Default_Handler
                0x080026e0        0x2 startup/startup_stm32f411xe.o
                0x080026e0                RTC_Alarm_IRQHandler
                0x080026e0                EXTI2_IRQHandler
                0x080026e0                SPI4_IRQHandler
                0x080026e0                TIM1_CC_IRQHandler
                0x080026e0                DMA2_Stream5_IRQHandler
                0x080026e0                DMA1_Stream5_IRQHandler
                0x080026e0                PVD_IRQHandler
                0x080026e0                SDIO_IRQHandler
                0x080026e0                TAMP_STAMP_IRQHandler
                0x080026e0                EXTI3_IRQHandler
                0x080026e0                TIM1_UP_TIM10_IRQHandler
                0x080026e0                I2C3_ER_IRQHandler
                0x080026e0                EXTI0_IRQHandler
                0x080026e0                I2C2_EV_IRQHandler
                0x080026e0                DMA1_Stream2_IRQHandler
                0x080026e0                FPU_IRQHandler
                0x080026e0                DMA2_Stream2_IRQHandler
                0x080026e0                SPI1_IRQHandler
                0x080026e0                TIM1_BRK_TIM9_IRQHandler
                0x080026e0                DMA2_Stream3_IRQHandler
                0x080026e0                USART6_IRQHandler
                0x080026e0                DMA2_Stream0_IRQHandler
                0x080026e0                TIM4_IRQHandler
                0x080026e0                I2C1_EV_IRQHandler
                0x080026e0                DMA1_Stream6_IRQHandler
                0x080026e0                DMA1_Stream1_IRQHandler
                0x080026e0                TIM3_IRQHandler
                0x080026e0                RCC_IRQHandler
                0x080026e0                Default_Handler
                0x080026e0                EXTI15_10_IRQHandler
                0x080026e0                ADC_IRQHandler
                0x080026e0                DMA1_Stream7_IRQHandler
                0x080026e0                SPI5_IRQHandler
                0x080026e0                TIM5_IRQHandler
                0x080026e0                DMA2_Stream7_IRQHandler
                0x080026e0                I2C3_EV_IRQHandler
                0x080026e0                EXTI9_5_IRQHandler
                0x080026e0                RTC_WKUP_IRQHandler
                0x080026e0                SPI2_IRQHandler
                0x080026e0                DMA1_Stream0_IRQHandler
                0x080026e0                EXTI4_IRQHandler
                0x080026e0                WWDG_IRQHandler
                0x080026e0                OTG_FS_WKUP_IRQHandler
                0x080026e0                TIM1_TRG_COM_TIM11_IRQHandler
                0x080026e0                EXTI1_IRQHandler
                0x080026e0                USART2_IRQHandler
                0x080026e0                I2C2_ER_IRQHandler
                0x080026e0                DMA2_Stream1_IRQHandler
                0x080026e0                FLASH_IRQHandler
                0x080026e0                DMA2_Stream4_IRQHandler
                0x080026e0                USART1_IRQHandler
                0x080026e0                OTG_FS_IRQHandler
                0x080026e0                SPI3_IRQHandler
                0x080026e0                DMA1_Stream4_IRQHandler
                0x080026e0                I2C1_ER_IRQHandler
                0x080026e0                DMA2_Stream6_IRQHandler
                0x080026e0                DMA1_Stream3_IRQHandler
 *fill*         0x080026e2        0x2 
 .text.__libc_init_array
                0x080026e4       0x48 c:/ac6/systemworkbench/plugins/fr.ac6.mcu.externaltools.arm-none.win32_1.17.0.201812190825/tools/compiler/bin/../lib/gcc/arm-none-eabi/7.3.1/../../../../arm-none-eabi/lib/thumb/v7e-m/fpv4-sp/hard\libc_nano.a(lib_a-init.o)
                0x080026e4                __libc_init_array
 .text.memset   0x0800272c       0x10 c:/ac6/systemworkbench/plugins/fr.ac6.mcu.externaltools.arm-none.win32_1.17.0.201812190825/tools/compiler/bin/../lib/gcc/arm-none-eabi/7.3.1/../../../../arm-none-eabi/lib/thumb/v7e-m/fpv4-sp/hard\libc_nano.a(lib_a-memset.o)
                0x0800272c                memset
 *(.glue_7)
 .glue_7        0x0800273c        0x0 linker stubs
 *(.glue_7t)
 .glue_7t       0x0800273c        0x0 linker stubs
 *(.eh_frame)
 .eh_frame      0x0800273c        0x0 c:/ac6/systemworkbench/plugins/fr.ac6.mcu.externaltools.arm-none.win32_1.17.0.201812190825/tools/compiler/bin/../lib/gcc/arm-none-eabi/7.3.1/thumb/v7e-m/fpv4-sp/hard/crtbegin.o
 *(.init)
 .init          0x0800273c        0x4 c:/ac6/systemworkbench/plugins/fr.ac6.mcu.externaltools.arm-none.win32_1.17.0.201812190825/tools/compiler/bin/../lib/gcc/arm-none-eabi/7.3.1/thumb/v7e-m/fpv4-sp/hard/crti.o
                0x0800273c                _init
 .init          0x08002740        0x8 c:/ac6/systemworkbench/plugins/fr.ac6.mcu.externaltools.arm-none.win32_1.17.0.201812190825/tools/compiler/bin/../lib/gcc/arm-none-eabi/7.3.1/thumb/v7e-m/fpv4-sp/hard/crtn.o
 *(.fini)
 .fini          0x08002748        0x4 c:/ac6/systemworkbench/plugins/fr.ac6.mcu.externaltools.arm-none.win32_1.17.0.201812190825/tools/compiler/bin/../lib/gcc/arm-none-eabi/7.3.1/thumb/v7e-m/fpv4-sp/hard/crti.o
                0x08002748                _fini
 .fini          0x0800274c        0x8 c:/ac6/systemworkbench/plugins/fr.ac6.mcu.externaltools.arm-none.win32_1.17.0.201812190825/tools/compiler/bin/../lib/gcc/arm-none-eabi/7.3.1/thumb/v7e-m/fpv4-sp/hard/crtn.o
                0x08002754                . = ALIGN (0x4)
                0x08002754                _etext = .

.vfp11_veneer   0x08002754        0x0
 .vfp11_veneer  0x08002754        0x0 linker stubs

.v4_bx          0x08002754        0x0
 .v4_bx         0x08002754        0x0 linker stubs

.iplt           0x08002754        0x0
 .iplt          0x08002754        0x0 c:/ac6/systemworkbench/plugins/fr.ac6.mcu.externaltools.arm-none.win32_1.17.0.201812190825/tools/compiler/bin/../lib/gcc/arm-none-eabi/7.3.1/thumb/v7e-m/fpv4-sp/hard/crtbegin.o

.rodata         0x08002754       0x18
                0x08002754                . = ALIGN (0x4)
 *(.rodata)
 .rodata        0x08002754       0x18 Core/Src/system_stm32f4xx.o
                0x08002754                AHBPrescTable
                0x08002764                APBPrescTable
 *(.rodata*)
                0x0800276c                . = ALIGN (0x4)

.ARM.extab
 *(.ARM.extab* .gnu.linkonce.armextab.*)

.ARM            0x0800276c        0x8
                0x0800276c                __exidx_start = .
 *(.ARM.exidx*)
 .ARM.exidx     0x0800276c        0x8 c:/ac6/systemworkbench/plugins/fr.ac6.mcu.externaltools.arm-none.win32_1.17.0.201812190825/tools/compiler/bin/../lib/gcc/arm-none-eabi/7.3.1/thumb/v7e-m/fpv4-sp/hard\libgcc.a(_udivmoddi4.o)
                0x08002774                __exidx_end = .

.rel.dyn        0x08002774        0x0
 .rel.iplt      0x08002774        0x0 c:/ac6/systemworkbench/plugins/fr.ac6.mcu.externaltools.arm-none.win32_1.17.0.201812190825/tools/compiler/bin/../lib/gcc/arm-none-eabi/7.3.1/thumb/v7e-m/fpv4-sp/hard/crtbegin.o

.preinit_array  0x08002774        0x0
                0x08002774                PROVIDE (__preinit_array_start = .)
 *(.preinit_array*)
                0x08002774                PROVIDE (__preinit_array_end = .)

.init_array     0x08002774        0x4
                0x08002774                PROVIDE (__init_array_start = .)
 *(SORT_BY_NAME(.init_array.*))
 *(.init_array*)
 .init_array    0x08002774        0x4 c:/ac6/systemworkbench/plugins/fr.ac6.mcu.externaltools.arm-none.win32_1.17.0.201812190825/tools/compiler/bin/../lib/gcc/arm-none-eabi/7.3.1/thumb/v7e-m/fpv4-sp/hard/crtbegin.o
                0x08002778                PROVIDE (__init_array_end = .)

.fini_array     0x08002778        0x4
                [!provide]                PROVIDE (__fini_array_start = .)
 *(SORT_BY_NAME(.fini_array.*))
 *(.fini_array*)
 .fini_array    0x08002778        0x4 c:/ac6/systemworkbench/plugins/fr.ac6.mcu.externaltools.arm-none.win32_1.17.0.201812190825/tools/compiler/bin/../lib/gcc/arm-none-eabi/7.3.1/thumb/v7e-m/fpv4-sp/hard/crtbegin.o
                [!provide]                PROVIDE (__fini_array_end = .)
                0x0800277c                _sidata = LOADADDR (.data)

.data           0x20000000       0x14 load address 0x0800277c
                0x20000000                . = ALIGN (0x4)
                0x20000000                _sdata = .
 *(.data)
 .data          0x20000000        0x8 Core/Src/main.o
                0x20000000                Kp
                0x20000004                Kd
 .data          0x20000008        0x4 Core/Src/system_stm32f4xx.o
                0x20000008                SystemCoreClock
 .data          0x2000000c        0x8 Drivers/STM32F4xx_HAL_Driver/Src/stm32f4xx_hal.o
                0x2000000c                uwTickFreq
                0x20000010                uwTickPrio
 *(.data*)
                0x20000014                . = ALIGN (0x4)
                0x20000014                _edata = .

.igot.plt       0x20000014        0x0 load address 0x08002790
 .igot.plt      0x20000014        0x0 c:/ac6/systemworkbench/plugins/fr.ac6.mcu.externaltools.arm-none.win32_1.17.0.201812190825/tools/compiler/bin/../lib/gcc/arm-none-eabi/7.3.1/thumb/v7e-m/fpv4-sp/hard/crtbegin.o
                0x20000014                . = ALIGN (0x4)

.bss            0x20000014      0x10c load address 0x08002790
                0x20000014                _sbss = .
                0x20000014                __bss_start__ = _sbss
 *(.bss)
 .bss           0x20000014       0x1c c:/ac6/systemworkbench/plugins/fr.ac6.mcu.externaltools.arm-none.win32_1.17.0.201812190825/tools/compiler/bin/../lib/gcc/arm-none-eabi/7.3.1/thumb/v7e-m/fpv4-sp/hard/crtbegin.o
 .bss           0x20000030       0x12 Core/Src/main.o
                0x20000030                encoder_cnt
                0x20000032                control_flag
                0x20000034                e_theta
                0x20000038                e_theta_k1
                0x2000003c                u
                0x20000040                duty_pwm
 *(.bss*)
 *(COMMON)
 *fill*         0x20000042        0x2 
 COMMON         0x20000044       0xd8 Core/Src/main.o
                0x20000044                htim3
                0x2000008c                htim1
                0x200000d4                htim2
 COMMON         0x2000011c        0x4 Drivers/STM32F4xx_HAL_Driver/Src/stm32f4xx_hal.o
                0x2000011c                uwTick
                0x20000120                . = ALIGN (0x4)
                0x20000120                _ebss = .
                0x20000120                __bss_end__ = _ebss

._user_heap_stack
                0x20000120      0x600 load address 0x08002790
                0x20000120                . = ALIGN (0x8)
                0x20000120                PROVIDE (end = .)
                [!provide]                PROVIDE (_end = .)
                0x20000320                . = (. + _Min_Heap_Size)
 *fill*         0x20000120      0x200 
                0x20000720                . = (. + _Min_Stack_Size)
 *fill*         0x20000320      0x400 
                0x20000720                . = ALIGN (0x8)

/DISCARD/
 libc.a(*)
 libm.a(*)
 libgcc.a(*)

.ARM.attributes
                0x00000000       0x30
 *(.ARM.attributes)
 .ARM.attributes
                0x00000000       0x22 c:/ac6/systemworkbench/plugins/fr.ac6.mcu.externaltools.arm-none.win32_1.17.0.201812190825/tools/compiler/bin/../lib/gcc/arm-none-eabi/7.3.1/thumb/v7e-m/fpv4-sp/hard/crti.o
 .ARM.attributes
                0x00000022       0x34 c:/ac6/systemworkbench/plugins/fr.ac6.mcu.externaltools.arm-none.win32_1.17.0.201812190825/tools/compiler/bin/../lib/gcc/arm-none-eabi/7.3.1/thumb/v7e-m/fpv4-sp/hard/crtbegin.o
 .ARM.attributes
                0x00000056       0x39 Core/Src/main.o
 .ARM.attributes
                0x0000008f       0x39 Core/Src/stm32f4xx_hal_msp.o
 .ARM.attributes
                0x000000c8       0x39 Core/Src/stm32f4xx_it.o
 .ARM.attributes
                0x00000101       0x39 Core/Src/system_stm32f4xx.o
 .ARM.attributes
                0x0000013a       0x39 Drivers/STM32F4xx_HAL_Driver/Src/stm32f4xx_hal.o
 .ARM.attributes
                0x00000173       0x39 Drivers/STM32F4xx_HAL_Driver/Src/stm32f4xx_hal_cortex.o
 .ARM.attributes
                0x000001ac       0x39 Drivers/STM32F4xx_HAL_Driver/Src/stm32f4xx_hal_gpio.o
 .ARM.attributes
                0x000001e5       0x39 Drivers/STM32F4xx_HAL_Driver/Src/stm32f4xx_hal_rcc.o
 .ARM.attributes
                0x0000021e       0x39 Drivers/STM32F4xx_HAL_Driver/Src/stm32f4xx_hal_tim.o
 .ARM.attributes
                0x00000257       0x39 Drivers/STM32F4xx_HAL_Driver/Src/stm32f4xx_hal_tim_ex.o
 .ARM.attributes
                0x00000290       0x21 startup/startup_stm32f411xe.o
 .ARM.attributes
                0x000002b1       0x22 c:/ac6/systemworkbench/plugins/fr.ac6.mcu.externaltools.arm-none.win32_1.17.0.201812190825/tools/compiler/bin/../lib/gcc/arm-none-eabi/7.3.1/thumb/v7e-m/fpv4-sp/hard\libgcc.a(_arm_addsubdf3.o)
 .ARM.attributes
                0x000002d3       0x22 c:/ac6/systemworkbench/plugins/fr.ac6.mcu.externaltools.arm-none.win32_1.17.0.201812190825/tools/compiler/bin/../lib/gcc/arm-none-eabi/7.3.1/thumb/v7e-m/fpv4-sp/hard\libgcc.a(_arm_muldivdf3.o)
 .ARM.attributes
                0x000002f5       0x22 c:/ac6/systemworkbench/plugins/fr.ac6.mcu.externaltools.arm-none.win32_1.17.0.201812190825/tools/compiler/bin/../lib/gcc/arm-none-eabi/7.3.1/thumb/v7e-m/fpv4-sp/hard\libgcc.a(_arm_truncdfsf2.o)
 .ARM.attributes
                0x00000317       0x22 c:/ac6/systemworkbench/plugins/fr.ac6.mcu.externaltools.arm-none.win32_1.17.0.201812190825/tools/compiler/bin/../lib/gcc/arm-none-eabi/7.3.1/thumb/v7e-m/fpv4-sp/hard\libgcc.a(_aeabi_uldivmod.o)
 .ARM.attributes
                0x00000339       0x34 c:/ac6/systemworkbench/plugins/fr.ac6.mcu.externaltools.arm-none.win32_1.17.0.201812190825/tools/compiler/bin/../lib/gcc/arm-none-eabi/7.3.1/thumb/v7e-m/fpv4-sp/hard\libgcc.a(_udivmoddi4.o)
 .ARM.attributes
                0x0000036d       0x22 c:/ac6/systemworkbench/plugins/fr.ac6.mcu.externaltools.arm-none.win32_1.17.0.201812190825/tools/compiler/bin/../lib/gcc/arm-none-eabi/7.3.1/thumb/v7e-m/fpv4-sp/hard\libgcc.a(_dvmd_tls.o)
 .ARM.attributes
                0x0000038f       0x34 c:/ac6/systemworkbench/plugins/fr.ac6.mcu.externaltools.arm-none.win32_1.17.0.201812190825/tools/compiler/bin/../lib/gcc/arm-none-eabi/7.3.1/../../../../arm-none-eabi/lib/thumb/v7e-m/fpv4-sp/hard\libc_nano.a(lib_a-init.o)
 .ARM.attributes
                0x000003c3       0x34 c:/ac6/systemworkbench/plugins/fr.ac6.mcu.externaltools.arm-none.win32_1.17.0.201812190825/tools/compiler/bin/../lib/gcc/arm-none-eabi/7.3.1/../../../../arm-none-eabi/lib/thumb/v7e-m/fpv4-sp/hard\libc_nano.a(lib_a-memset.o)
 .ARM.attributes
                0x000003f7       0x22 c:/ac6/systemworkbench/plugins/fr.ac6.mcu.externaltools.arm-none.win32_1.17.0.201812190825/tools/compiler/bin/../lib/gcc/arm-none-eabi/7.3.1/thumb/v7e-m/fpv4-sp/hard/crtn.o
OUTPUT(wheelpendulum_stm32f411.elf elf32-littlearm)

.debug_info     0x00000000     0xa7cf
 .debug_info    0x00000000     0x13b3 Core/Src/main.o
 .debug_info    0x000013b3      0xdf0 Core/Src/stm32f4xx_hal_msp.o
 .debug_info    0x000021a3      0x7c1 Core/Src/stm32f4xx_it.o
 .debug_info    0x00002964      0x583 Core/Src/system_stm32f4xx.o
 .debug_info    0x00002ee7      0x981 Drivers/STM32F4xx_HAL_Driver/Src/stm32f4xx_hal.o
 .debug_info    0x00003868      0xefc Drivers/STM32F4xx_HAL_Driver/Src/stm32f4xx_hal_cortex.o
 .debug_info    0x00004764      0x7f2 Drivers/STM32F4xx_HAL_Driver/Src/stm32f4xx_hal_gpio.o
 .debug_info    0x00004f56      0xaba Drivers/STM32F4xx_HAL_Driver/Src/stm32f4xx_hal_rcc.o
 .debug_info    0x00005a10     0x3596 Drivers/STM32F4xx_HAL_Driver/Src/stm32f4xx_hal_tim.o
 .debug_info    0x00008fa6     0x1807 Drivers/STM32F4xx_HAL_Driver/Src/stm32f4xx_hal_tim_ex.o
 .debug_info    0x0000a7ad       0x22 startup/startup_stm32f411xe.o

.debug_abbrev   0x00000000     0x1562
 .debug_abbrev  0x00000000      0x286 Core/Src/main.o
 .debug_abbrev  0x00000286      0x1e3 Core/Src/stm32f4xx_hal_msp.o
 .debug_abbrev  0x00000469      0x198 Core/Src/stm32f4xx_it.o
 .debug_abbrev  0x00000601      0x12b Core/Src/system_stm32f4xx.o
 .debug_abbrev  0x0000072c      0x218 Drivers/STM32F4xx_HAL_Driver/Src/stm32f4xx_hal.o
 .debug_abbrev  0x00000944      0x328 Drivers/STM32F4xx_HAL_Driver/Src/stm32f4xx_hal_cortex.o
 .debug_abbrev  0x00000c6c      0x1e7 Drivers/STM32F4xx_HAL_Driver/Src/stm32f4xx_hal_gpio.o
 .debug_abbrev  0x00000e53      0x273 Drivers/STM32F4xx_HAL_Driver/Src/stm32f4xx_hal_rcc.o
 .debug_abbrev  0x000010c6      0x235 Drivers/STM32F4xx_HAL_Driver/Src/stm32f4xx_hal_tim.o
 .debug_abbrev  0x000012fb      0x255 Drivers/STM32F4xx_HAL_Driver/Src/stm32f4xx_hal_tim_ex.o
 .debug_abbrev  0x00001550       0x12 startup/startup_stm32f411xe.o

.debug_aranges  0x00000000      0x910
 .debug_aranges
                0x00000000       0x50 Core/Src/main.o
 .debug_aranges
                0x00000050       0x58 Core/Src/stm32f4xx_hal_msp.o
 .debug_aranges
                0x000000a8       0x68 Core/Src/stm32f4xx_it.o
 .debug_aranges
                0x00000110       0x28 Core/Src/system_stm32f4xx.o
 .debug_aranges
                0x00000138       0xf0 Drivers/STM32F4xx_HAL_Driver/Src/stm32f4xx_hal.o
 .debug_aranges
                0x00000228       0xa8 Drivers/STM32F4xx_HAL_Driver/Src/stm32f4xx_hal_cortex.o
 .debug_aranges
                0x000002d0       0x58 Drivers/STM32F4xx_HAL_Driver/Src/stm32f4xx_hal_gpio.o
 .debug_aranges
                0x00000328       0x88 Drivers/STM32F4xx_HAL_Driver/Src/stm32f4xx_hal_rcc.o
 .debug_aranges
                0x000003b0      0x3d0 Drivers/STM32F4xx_HAL_Driver/Src/stm32f4xx_hal_tim.o
 .debug_aranges
                0x00000780      0x168 Drivers/STM32F4xx_HAL_Driver/Src/stm32f4xx_hal_tim_ex.o
 .debug_aranges
                0x000008e8       0x28 startup/startup_stm32f411xe.o

.debug_ranges   0x00000000      0x8e0
 .debug_ranges  0x00000000       0x40 Core/Src/main.o
 .debug_ranges  0x00000040       0x48 Core/Src/stm32f4xx_hal_msp.o
 .debug_ranges  0x00000088       0x58 Core/Src/stm32f4xx_it.o
 .debug_ranges  0x000000e0       0x18 Core/Src/system_stm32f4xx.o
 .debug_ranges  0x000000f8       0xe0 Drivers/STM32F4xx_HAL_Driver/Src/stm32f4xx_hal.o
 .debug_ranges  0x000001d8       0xf8 Drivers/STM32F4xx_HAL_Driver/Src/stm32f4xx_hal_cortex.o
 .debug_ranges  0x000002d0       0x48 Drivers/STM32F4xx_HAL_Driver/Src/stm32f4xx_hal_gpio.o
 .debug_ranges  0x00000318       0x90 Drivers/STM32F4xx_HAL_Driver/Src/stm32f4xx_hal_rcc.o
 .debug_ranges  0x000003a8      0x3c0 Drivers/STM32F4xx_HAL_Driver/Src/stm32f4xx_hal_tim.o
 .debug_ranges  0x00000768      0x158 Drivers/STM32F4xx_HAL_Driver/Src/stm32f4xx_hal_tim_ex.o
 .debug_ranges  0x000008c0       0x20 startup/startup_stm32f411xe.o

.debug_macro    0x00000000    0x14f7d
 .debug_macro   0x00000000      0x1ce Core/Src/main.o
 .debug_macro   0x000001ce      0xa54 Core/Src/main.o
 .debug_macro   0x00000c22      0x295 Core/Src/main.o
 .debug_macro   0x00000eb7       0x2e Core/Src/main.o
 .debug_macro   0x00000ee5       0x28 Core/Src/main.o
 .debug_macro   0x00000f0d       0x22 Core/Src/main.o
 .debug_macro   0x00000f2f       0x8e Core/Src/main.o
 .debug_macro   0x00000fbd       0x51 Core/Src/main.o
 .debug_macro   0x0000100e       0xef Core/Src/main.o
 .debug_macro   0x000010fd       0x6a Core/Src/main.o
 .debug_macro   0x00001167      0x1df Core/Src/main.o
 .debug_macro   0x00001346       0x1c Core/Src/main.o
 .debug_macro   0x00001362       0x22 Core/Src/main.o
 .debug_macro   0x00001384       0xdf Core/Src/main.o
 .debug_macro   0x00001463     0x102d Core/Src/main.o
 .debug_macro   0x00002490      0x11f Core/Src/main.o
 .debug_macro   0x000025af     0xb937 Core/Src/main.o
 .debug_macro   0x0000dee6       0x43 Core/Src/main.o
 .debug_macro   0x0000df29     0x3659 Core/Src/main.o
 .debug_macro   0x00011582      0x174 Core/Src/main.o
 .debug_macro   0x000116f6       0x5c Core/Src/main.o
 .debug_macro   0x00011752      0x447 Core/Src/main.o
 .debug_macro   0x00011b99      0x9fe Core/Src/main.o
 .debug_macro   0x00012597      0x117 Core/Src/main.o
 .debug_macro   0x000126ae      0x11b Core/Src/main.o
 .debug_macro   0x000127c9       0x82 Core/Src/main.o
 .debug_macro   0x0001284b      0x15f Core/Src/main.o
 .debug_macro   0x000129aa      0x287 Core/Src/main.o
 .debug_macro   0x00012c31       0x5f Core/Src/main.o
 .debug_macro   0x00012c90      0x236 Core/Src/main.o
 .debug_macro   0x00012ec6      0x132 Core/Src/main.o
 .debug_macro   0x00012ff8      0x264 Core/Src/main.o
 .debug_macro   0x0001325c       0x2e Core/Src/main.o
 .debug_macro   0x0001328a      0x11a Core/Src/main.o
 .debug_macro   0x000133a4       0x85 Core/Src/main.o
 .debug_macro   0x00013429       0x89 Core/Src/main.o
 .debug_macro   0x000134b2      0x8d1 Core/Src/main.o
 .debug_macro   0x00013d83       0x47 Core/Src/main.o
 .debug_macro   0x00013dca      0x126 Core/Src/main.o
 .debug_macro   0x00013ef0      0x1ce Core/Src/stm32f4xx_hal_msp.o
 .debug_macro   0x000140be      0x1d8 Core/Src/stm32f4xx_it.o
 .debug_macro   0x00014296      0x1c4 Core/Src/system_stm32f4xx.o
 .debug_macro   0x0001445a      0x224 Drivers/STM32F4xx_HAL_Driver/Src/stm32f4xx_hal.o
 .debug_macro   0x0001467e      0x1c4 Drivers/STM32F4xx_HAL_Driver/Src/stm32f4xx_hal_cortex.o
 .debug_macro   0x00014842      0x1ca Drivers/STM32F4xx_HAL_Driver/Src/stm32f4xx_hal_gpio.o
 .debug_macro   0x00014a0c      0x1e8 Drivers/STM32F4xx_HAL_Driver/Src/stm32f4xx_hal_rcc.o
 .debug_macro   0x00014bf4      0x1c5 Drivers/STM32F4xx_HAL_Driver/Src/stm32f4xx_hal_tim.o
 .debug_macro   0x00014db9      0x1c4 Drivers/STM32F4xx_HAL_Driver/Src/stm32f4xx_hal_tim_ex.o

.debug_line     0x00000000     0x7d15
 .debug_line    0x00000000      0x87e Core/Src/main.o
 .debug_line    0x0000087e      0x824 Core/Src/stm32f4xx_hal_msp.o
 .debug_line    0x000010a2      0x815 Core/Src/stm32f4xx_it.o
 .debug_line    0x000018b7      0x793 Core/Src/system_stm32f4xx.o
 .debug_line    0x0000204a      0x971 Drivers/STM32F4xx_HAL_Driver/Src/stm32f4xx_hal.o
 .debug_line    0x000029bb      0x9c3 Drivers/STM32F4xx_HAL_Driver/Src/stm32f4xx_hal_cortex.o
 .debug_line    0x0000337e      0x8d1 Drivers/STM32F4xx_HAL_Driver/Src/stm32f4xx_hal_gpio.o
 .debug_line    0x00003c4f      0x9fe Drivers/STM32F4xx_HAL_Driver/Src/stm32f4xx_hal_rcc.o
 .debug_line    0x0000464d     0x22e6 Drivers/STM32F4xx_HAL_Driver/Src/stm32f4xx_hal_tim.o
 .debug_line    0x00006933     0x1361 Drivers/STM32F4xx_HAL_Driver/Src/stm32f4xx_hal_tim_ex.o
 .debug_line    0x00007c94       0x81 startup/startup_stm32f411xe.o

.debug_str      0x00000000    0x87088
 .debug_str     0x00000000    0x84dad Core/Src/main.o
                              0x850f0 (size before relaxing)
 .debug_str     0x00084dad      0x4b1 Core/Src/stm32f4xx_hal_msp.o
                              0x85009 (size before relaxing)
 .debug_str     0x0008525e       0xec Core/Src/stm32f4xx_it.o
                              0x84a9a (size before relaxing)
 .debug_str     0x0008534a       0xaf Core/Src/system_stm32f4xx.o
                              0x8462d (size before relaxing)
 .debug_str     0x000853f9      0x5a8 Drivers/STM32F4xx_HAL_Driver/Src/stm32f4xx_hal.o
                              0x84ffc (size before relaxing)
 .debug_str     0x000859a1      0x332 Drivers/STM32F4xx_HAL_Driver/Src/stm32f4xx_hal_cortex.o
                              0x84d94 (size before relaxing)
 .debug_str     0x00085cd3      0x12f Drivers/STM32F4xx_HAL_Driver/Src/stm32f4xx_hal_gpio.o
                              0x847d4 (size before relaxing)
 .debug_str     0x00085e02      0x233 Drivers/STM32F4xx_HAL_Driver/Src/stm32f4xx_hal_rcc.o
                              0x84a56 (size before relaxing)
 .debug_str     0x00086035      0xc26 Drivers/STM32F4xx_HAL_Driver/Src/stm32f4xx_hal_tim.o
                              0x85996 (size before relaxing)
 .debug_str     0x00086c5b      0x3fe Drivers/STM32F4xx_HAL_Driver/Src/stm32f4xx_hal_tim_ex.o
                              0x85197 (size before relaxing)
 .debug_str     0x00087059       0x2f startup/startup_stm32f411xe.o
                                 0x86 (size before relaxing)

.comment        0x00000000       0x7f
 .comment       0x00000000       0x7f Core/Src/main.o
                                 0x80 (size before relaxing)
 .comment       0x0000007f       0x80 Core/Src/stm32f4xx_hal_msp.o
 .comment       0x0000007f       0x80 Core/Src/stm32f4xx_it.o
 .comment       0x0000007f       0x80 Core/Src/system_stm32f4xx.o
 .comment       0x0000007f       0x80 Drivers/STM32F4xx_HAL_Driver/Src/stm32f4xx_hal.o
 .comment       0x0000007f       0x80 Drivers/STM32F4xx_HAL_Driver/Src/stm32f4xx_hal_cortex.o
 .comment       0x0000007f       0x80 Drivers/STM32F4xx_HAL_Driver/Src/stm32f4xx_hal_gpio.o
 .comment       0x0000007f       0x80 Drivers/STM32F4xx_HAL_Driver/Src/stm32f4xx_hal_rcc.o
 .comment       0x0000007f       0x80 Drivers/STM32F4xx_HAL_Driver/Src/stm32f4xx_hal_tim.o
 .comment       0x0000007f       0x80 Drivers/STM32F4xx_HAL_Driver/Src/stm32f4xx_hal_tim_ex.o

.debug_frame    0x00000000     0x1a20
 .debug_frame   0x00000000       0xdc Core/Src/main.o
 .debug_frame   0x000000dc       0xdc Core/Src/stm32f4xx_hal_msp.o
 .debug_frame   0x000001b8       0xc0 Core/Src/stm32f4xx_it.o
 .debug_frame   0x00000278       0x30 Core/Src/system_stm32f4xx.o
 .debug_frame   0x000002a8      0x1ec Drivers/STM32F4xx_HAL_Driver/Src/stm32f4xx_hal.o
 .debug_frame   0x00000494      0x15c Drivers/STM32F4xx_HAL_Driver/Src/stm32f4xx_hal_cortex.o
 .debug_frame   0x000005f0       0xd8 Drivers/STM32F4xx_HAL_Driver/Src/stm32f4xx_hal_gpio.o
 .debug_frame   0x000006c8      0x184 Drivers/STM32F4xx_HAL_Driver/Src/stm32f4xx_hal_rcc.o
 .debug_frame   0x0000084c      0xb8c Drivers/STM32F4xx_HAL_Driver/Src/stm32f4xx_hal_tim.o
 .debug_frame   0x000013d8      0x47c Drivers/STM32F4xx_HAL_Driver/Src/stm32f4xx_hal_tim_ex.o
 .debug_frame   0x00001854       0xac c:/ac6/systemworkbench/plugins/fr.ac6.mcu.externaltools.arm-none.win32_1.17.0.201812190825/tools/compiler/bin/../lib/gcc/arm-none-eabi/7.3.1/thumb/v7e-m/fpv4-sp/hard\libgcc.a(_arm_addsubdf3.o)
 .debug_frame   0x00001900       0x50 c:/ac6/systemworkbench/plugins/fr.ac6.mcu.externaltools.arm-none.win32_1.17.0.201812190825/tools/compiler/bin/../lib/gcc/arm-none-eabi/7.3.1/thumb/v7e-m/fpv4-sp/hard\libgcc.a(_arm_muldivdf3.o)
 .debug_frame   0x00001950       0x24 c:/ac6/systemworkbench/plugins/fr.ac6.mcu.externaltools.arm-none.win32_1.17.0.201812190825/tools/compiler/bin/../lib/gcc/arm-none-eabi/7.3.1/thumb/v7e-m/fpv4-sp/hard\libgcc.a(_arm_truncdfsf2.o)
 .debug_frame   0x00001974       0x2c c:/ac6/systemworkbench/plugins/fr.ac6.mcu.externaltools.arm-none.win32_1.17.0.201812190825/tools/compiler/bin/../lib/gcc/arm-none-eabi/7.3.1/thumb/v7e-m/fpv4-sp/hard\libgcc.a(_aeabi_uldivmod.o)
 .debug_frame   0x000019a0       0x34 c:/ac6/systemworkbench/plugins/fr.ac6.mcu.externaltools.arm-none.win32_1.17.0.201812190825/tools/compiler/bin/../lib/gcc/arm-none-eabi/7.3.1/thumb/v7e-m/fpv4-sp/hard\libgcc.a(_udivmoddi4.o)
 .debug_frame   0x000019d4       0x2c c:/ac6/systemworkbench/plugins/fr.ac6.mcu.externaltools.arm-none.win32_1.17.0.201812190825/tools/compiler/bin/../lib/gcc/arm-none-eabi/7.3.1/../../../../arm-none-eabi/lib/thumb/v7e-m/fpv4-sp/hard\libc_nano.a(lib_a-init.o)
 .debug_frame   0x00001a00       0x20 c:/ac6/systemworkbench/plugins/fr.ac6.mcu.externaltools.arm-none.win32_1.17.0.201812190825/tools/compiler/bin/../lib/gcc/arm-none-eabi/7.3.1/../../../../arm-none-eabi/lib/thumb/v7e-m/fpv4-sp/hard\libc_nano.a(lib_a-memset.o)

.debug_loc      0x00000000     0x72f3
 .debug_loc     0x00000000      0x109 Core/Src/stm32f4xx_hal_msp.o
 .debug_loc     0x00000109      0x13e Core/Src/system_stm32f4xx.o
 .debug_loc     0x00000247      0x11b Drivers/STM32F4xx_HAL_Driver/Src/stm32f4xx_hal.o
 .debug_loc     0x00000362      0x5ce Drivers/STM32F4xx_HAL_Driver/Src/stm32f4xx_hal_cortex.o
 .debug_loc     0x00000930      0x475 Drivers/STM32F4xx_HAL_Driver/Src/stm32f4xx_hal_gpio.o
 .debug_loc     0x00000da5      0x40f Drivers/STM32F4xx_HAL_Driver/Src/stm32f4xx_hal_rcc.o
 .debug_loc     0x000011b4     0x46de Drivers/STM32F4xx_HAL_Driver/Src/stm32f4xx_hal_tim.o
 .debug_loc     0x00005892     0x1a61 Drivers/STM32F4xx_HAL_Driver/Src/stm32f4xx_hal_tim_ex.o
